###############################################################################
#
# IAR ELF Linker V9.70.4.588/W64 for ARM                  10/Apr/2026  01:45:21
# Copyright 2007-2026 IAR Systems AB.
#
#    Output file  =
#        C:\Users\Aleksey\Documents\STM\KMSH\test1\EWARM\test1_CM7\Exe\test1_CM7.out
#    Map file     =
#        C:\Users\Aleksey\Documents\STM\KMSH\test1\EWARM\test1_CM7\List\test1_CM7.map
#    Command line =
#        -f
#        C:\Users\Aleksey\Documents\STM\KMSH\test1\EWARM\test1_CM7\Exe\test1_CM7.out.rsp
#        (C:\Users\Aleksey\Documents\STM\KMSH\test1\EWARM\test1_CM7\Obj\Core_17629195936475437497.dir\main.o
#        C:\Users\Aleksey\Documents\STM\KMSH\test1\EWARM\test1_CM7\Obj\ModbusRTU_my_15600270411902861217.dir\Modbus_RTU_my.o
#        C:\Users\Aleksey\Documents\STM\KMSH\test1\EWARM\test1_CM7\Obj\EWARM_18443280873093131863.dir\startup_stm32h745xx_CM7.o
#        C:\Users\Aleksey\Documents\STM\KMSH\test1\EWARM\test1_CM7\Obj\STM32H7xx_HAL_Driver_12323373487323971647.dir\stm32h7xx_hal.o
#        C:\Users\Aleksey\Documents\STM\KMSH\test1\EWARM\test1_CM7\Obj\STM32H7xx_HAL_Driver_12323373487323971647.dir\stm32h7xx_hal_cortex.o
#        C:\Users\Aleksey\Documents\STM\KMSH\test1\EWARM\test1_CM7\Obj\STM32H7xx_HAL_Driver_12323373487323971647.dir\stm32h7xx_hal_dma.o
#        C:\Users\Aleksey\Documents\STM\KMSH\test1\EWARM\test1_CM7\Obj\STM32H7xx_HAL_Driver_12323373487323971647.dir\stm32h7xx_hal_dma_ex.o
#        C:\Users\Aleksey\Documents\STM\KMSH\test1\EWARM\test1_CM7\Obj\STM32H7xx_HAL_Driver_12323373487323971647.dir\stm32h7xx_hal_exti.o
#        C:\Users\Aleksey\Documents\STM\KMSH\test1\EWARM\test1_CM7\Obj\STM32H7xx_HAL_Driver_12323373487323971647.dir\stm32h7xx_hal_flash.o
#        C:\Users\Aleksey\Documents\STM\KMSH\test1\EWARM\test1_CM7\Obj\STM32H7xx_HAL_Driver_12323373487323971647.dir\stm32h7xx_hal_flash_ex.o
#        C:\Users\Aleksey\Documents\STM\KMSH\test1\EWARM\test1_CM7\Obj\STM32H7xx_HAL_Driver_12323373487323971647.dir\stm32h7xx_hal_gpio.o
#        C:\Users\Aleksey\Documents\STM\KMSH\test1\EWARM\test1_CM7\Obj\STM32H7xx_HAL_Driver_12323373487323971647.dir\stm32h7xx_hal_hsem.o
#        C:\Users\Aleksey\Documents\STM\KMSH\test1\EWARM\test1_CM7\Obj\STM32H7xx_HAL_Driver_12323373487323971647.dir\stm32h7xx_hal_i2c.o
#        C:\Users\Aleksey\Documents\STM\KMSH\test1\EWARM\test1_CM7\Obj\STM32H7xx_HAL_Driver_12323373487323971647.dir\stm32h7xx_hal_i2c_ex.o
#        C:\Users\Aleksey\Documents\STM\KMSH\test1\EWARM\test1_CM7\Obj\STM32H7xx_HAL_Driver_12323373487323971647.dir\stm32h7xx_hal_mdma.o
#        C:\Users\Aleksey\Documents\STM\KMSH\test1\EWARM\test1_CM7\Obj\Core_17629195936475437497.dir\stm32h7xx_hal_msp.o
#        C:\Users\Aleksey\Documents\STM\KMSH\test1\EWARM\test1_CM7\Obj\STM32H7xx_HAL_Driver_12323373487323971647.dir\stm32h7xx_hal_pwr.o
#        C:\Users\Aleksey\Documents\STM\KMSH\test1\EWARM\test1_CM7\Obj\STM32H7xx_HAL_Driver_12323373487323971647.dir\stm32h7xx_hal_pwr_ex.o
#        C:\Users\Aleksey\Documents\STM\KMSH\test1\EWARM\test1_CM7\Obj\STM32H7xx_HAL_Driver_12323373487323971647.dir\stm32h7xx_hal_rcc.o
#        C:\Users\Aleksey\Documents\STM\KMSH\test1\EWARM\test1_CM7\Obj\STM32H7xx_HAL_Driver_12323373487323971647.dir\stm32h7xx_hal_rcc_ex.o
#        C:\Users\Aleksey\Documents\STM\KMSH\test1\EWARM\test1_CM7\Obj\STM32H7xx_HAL_Driver_12323373487323971647.dir\stm32h7xx_hal_tim.o
#        C:\Users\Aleksey\Documents\STM\KMSH\test1\EWARM\test1_CM7\Obj\STM32H7xx_HAL_Driver_12323373487323971647.dir\stm32h7xx_hal_tim_ex.o
#        C:\Users\Aleksey\Documents\STM\KMSH\test1\EWARM\test1_CM7\Obj\STM32H7xx_HAL_Driver_12323373487323971647.dir\stm32h7xx_hal_uart.o
#        C:\Users\Aleksey\Documents\STM\KMSH\test1\EWARM\test1_CM7\Obj\STM32H7xx_HAL_Driver_12323373487323971647.dir\stm32h7xx_hal_uart_ex.o
#        C:\Users\Aleksey\Documents\STM\KMSH\test1\EWARM\test1_CM7\Obj\Core_17629195936475437497.dir\stm32h7xx_it.o
#        C:\Users\Aleksey\Documents\STM\KMSH\test1\EWARM\test1_CM7\Obj\CMSIS_6603591812247902717.dir\system_stm32h7xx_dualcore_boot_cm4_cm7.o
#        --no_out_extension -o
#        C:\Users\Aleksey\Documents\STM\KMSH\test1\EWARM\test1_CM7\Exe\test1_CM7.out
#        --redirect _Printf=_PrintfFullNoMb --redirect _Scanf=_ScanfFullNoMb
#        --map
#        C:\Users\Aleksey\Documents\STM\KMSH\test1\EWARM\test1_CM7\List\test1_CM7.map
#        --config
#        C:\Users\Aleksey\Documents\STM\KMSH\test1\EWARM/stm32h745xx_flash_CM7.icf
#        --semihosting --entry __iar_program_start --vfe --text_out locale
#        --cpu=Cortex-M7 --fpu=VFPv5_d16) --diagnostics_format=sarif_stdout
#        --dependencies=n
#        C:\Users\Aleksey\Documents\STM\KMSH\test1\EWARM\test1_CM7\Exe\test1_CM7.out.iar_deps
#        --dynamic_output
#        C:\Users\Aleksey\Documents\STM\KMSH\test1\EWARM\test1_CM7\Exe\test1_CM7.out.iar_dynout
#
###############################################################################

*******************************************************************************
*** RUNTIME MODEL ATTRIBUTES
***

CppFlavor       = *
__CPP_Runtime   = 1
__SystemLibrary = DLib
__dlib_version  = 6


*******************************************************************************
*** HEAP SELECTION
***

The basic heap was selected because --advanced_heap
was not specified and the application did not appear to
be primarily optimized for speed.


*******************************************************************************
*** PLACEMENT SUMMARY
***

"A0":  place at address 0x800'0000 {  ro section .intvec };
"P1":  place in [from 0x800'0000 to 0x80f'ffff] {  ro };
define block CSTACK with size = 1K, alignment = 8 { };
define block HEAP with size = 512, alignment = 8 { };
"P2":  place in [from 0x2000'0000 to 0x2001'ffff] {
           rw,  block CSTACK,  block HEAP };
initialize by copy {  rw };

  Section            Kind         Address  Alignment    Size  Object
  -------            ----         -------  ---------    ----  ------
"A0":                                                  0x298
  .intvec            ro code   0x800'0000          4   0x298  startup_stm32h745xx_CM7.o [3]
                             - 0x800'0298              0x298

"P1":                                                 0x4ba2
  .text              ro code   0x800'0298          4  0x1104  stm32h7xx_hal_uart.o [5]
  .text              ro code   0x800'139c          4   0x120  stm32h7xx_hal_msp.o [2]
  .text              ro code   0x800'14bc          4     0xc  stm32h7xx_hal.o [5]
  .text              ro code   0x800'14c8          4   0x658  stm32h7xx_hal_dma.o [5]
  .text              ro code   0x800'1b20          4   0x790  main.o [2]
  .text              ro code   0x800'22b0          2     0x2  stm32h7xx_hal_uart.o [5]
  .text              ro code   0x800'22b2          2     0x2  stm32h7xx_hal_uart_ex.o [5]
  .text              ro code   0x800'22b4          2     0x2  stm32h7xx_hal_uart.o [5]
  .text              ro code   0x800'22b6          2     0x2  stm32h7xx_hal_uart_ex.o [5]
  .text              ro code   0x800'22b8          2     0x2  stm32h7xx_hal_uart_ex.o [5]
  .text              ro code   0x800'22ba          2    0x3a  packbits_init_single.o [8]
  .text              ro code   0x800'22f4          4   0xbb0  stm32h7xx_hal_rcc_ex.o [5]
  .text              ro code   0x800'2ea4          4   0x106  I64DivMod_small.o [8]
  .text              ro code   0x800'2fac          4   0x3a4  stm32h7xx_hal_rcc.o [5]
  .text              ro code   0x800'3350          4   0x13c  stm32h7xx_hal_cortex.o [5]
  .text              ro code   0x800'348c          4    0x12  ABImemset_small.o [8]
  .text              ro code   0x800'34a0          4   0x218  stm32h7xx_hal_gpio.o [5]
  .text              ro code   0x800'36b8          2   0x50e  Modbus_RTU_my.o [4]
  .text              ro code   0x800'3bc8          4    0x68  stm32h7xx_hal.o [5]
  .text              ro code   0x800'3c30          4    0x2c  stm32h7xx_hal_hsem.o [5]
  .text              ro code   0x800'3c5c          4     0x6  ABImemclr4.o [8]
  .text              ro code   0x800'3c64          4    0xf4  stm32h7xx_hal_uart_ex.o [5]
  .text              ro code   0x800'3d58          4   0x4dc  stm32h7xx_hal_tim.o [5]
  .text              ro code   0x800'4234          4    0xa0  stm32h7xx_hal_tim_ex.o [5]
  .text              ro code   0x800'42d4          4    0x78  stm32h7xx_hal_pwr_ex.o [5]
  .text              ro code   0x800'434c          4   0x514  stm32h7xx_hal_rcc.o [5]
  .text              ro code   0x800'4860          4     0x2  I64DivZer.o [8]
  .text              ro code   0x800'4864          4    0x44  stm32h7xx_hal.o [5]
  .text              ro code   0x800'48a8          4    0x18  ABImemcpy_small.o [8]
  .text              ro code   0x800'48c0          4    0x32  ABImemset48.o [8]
  .text              ro code   0x800'48f2          2     0x2  stm32h7xx_hal_tim.o [5]
  .text              ro code   0x800'48f4          2     0x2  stm32h7xx_hal_tim.o [5]
  .text              ro code   0x800'48f6          2     0x2  stm32h7xx_hal_tim.o [5]
  .text              ro code   0x800'48f8          2     0x2  stm32h7xx_hal_tim_ex.o [5]
  .text              ro code   0x800'48fa          2     0x2  stm32h7xx_hal_tim_ex.o [5]
  .text              ro code   0x800'48fc          2     0x2  stm32h7xx_hal_tim.o [5]
  .text              ro code   0x800'48fe          2     0x2  stm32h7xx_hal_tim_ex.o [5]
  .text              ro code   0x800'4900          2     0x2  stm32h7xx_hal_tim.o [5]
  .text              ro code   0x800'4904          4   0x120  system_stm32h7xx_dualcore_boot_cm4_cm7.o [1]
  .text              ro code   0x800'4a24          2    0x38  zero_init3.o [8]
  .text              ro code   0x800'4a5c          4    0x34  stm32h7xx_it.o [2]
  .text              ro code   0x800'4a90          4    0x10  stm32h7xx_hal.o [5]
  .text              ro code   0x800'4aa0          4    0x28  data_init.o [8]
  .text              ro code   0x800'4ac8          4    0x22  fpinit_M.o [7]
  .text              ro code   0x800'4aec          4    0x22  cmain.o [8]
  .text              ro code   0x800'4b0e          2     0x4  low_level_init.o [6]
  .text              ro code   0x800'4b12          2     0x4  exit.o [6]
  .text              ro code   0x800'4b18          4     0x4  cexit.o [8]
  .text              ro code   0x800'4b1c          4     0xa  cexit_2.o [8]
  .text              ro code   0x800'4b28          4    0x14  exit.o [9]
  .iar.init_table    const     0x800'4b3c          4    0x20  - Linker created -
  .text              ro code   0x800'4b5c          4    0x1e  cstartup_M.o [8]
  .text              ro code   0x800'4b7c          4    0x18  startup_stm32h745xx_CM7.o [3]
  .text              ro code   0x800'4b94          2     0x4  startup_stm32h745xx_CM7.o [3]
  .text              ro code   0x800'4b98          2     0x4  startup_stm32h745xx_CM7.o [3]
  .text              ro code   0x800'4b9c          2     0x4  startup_stm32h745xx_CM7.o [3]
  .text              ro code   0x800'4ba0          2     0x4  startup_stm32h745xx_CM7.o [3]
  .text              ro code   0x800'4ba4          2     0x4  startup_stm32h745xx_CM7.o [3]
  .text              ro code   0x800'4ba8          2     0x4  startup_stm32h745xx_CM7.o [3]
  .text              ro code   0x800'4bac          2     0x4  startup_stm32h745xx_CM7.o [3]
  .text              ro code   0x800'4bb0          2     0x4  startup_stm32h745xx_CM7.o [3]
  .text              ro code   0x800'4bb4          2     0x4  startup_stm32h745xx_CM7.o [3]
  .text              ro code   0x800'4bb8          2     0x4  startup_stm32h745xx_CM7.o [3]
  .text              ro code   0x800'4bbc          2     0x4  startup_stm32h745xx_CM7.o [3]
  .text              ro code   0x800'4bc0          2     0x4  startup_stm32h745xx_CM7.o [3]
  .text              ro code   0x800'4bc4          2     0x4  startup_stm32h745xx_CM7.o [3]
  .text              ro code   0x800'4bc8          2     0x4  startup_stm32h745xx_CM7.o [3]
  .text              ro code   0x800'4bcc          2     0x4  startup_stm32h745xx_CM7.o [3]
  .text              ro code   0x800'4bd0          2     0x4  startup_stm32h745xx_CM7.o [3]
  .text              ro code   0x800'4bd4          2     0x4  startup_stm32h745xx_CM7.o [3]
  .text              ro code   0x800'4bd8          2     0x4  startup_stm32h745xx_CM7.o [3]
  .text              ro code   0x800'4bdc          2     0x4  startup_stm32h745xx_CM7.o [3]
  .text              ro code   0x800'4be0          2     0x4  startup_stm32h745xx_CM7.o [3]
  .text              ro code   0x800'4be4          2     0x4  startup_stm32h745xx_CM7.o [3]
  .text              ro code   0x800'4be8          2     0x4  startup_stm32h745xx_CM7.o [3]
  .text              ro code   0x800'4bec          2     0x4  startup_stm32h745xx_CM7.o [3]
  .text              ro code   0x800'4bf0          2     0x4  startup_stm32h745xx_CM7.o [3]
  .text              ro code   0x800'4bf4          2     0x4  startup_stm32h745xx_CM7.o [3]
  .text              ro code   0x800'4bf8          2     0x4  startup_stm32h745xx_CM7.o [3]
  .text              ro code   0x800'4bfc          2     0x4  startup_stm32h745xx_CM7.o [3]
  .text              ro code   0x800'4c00          2     0x4  startup_stm32h745xx_CM7.o [3]
  .text              ro code   0x800'4c04          2     0x4  startup_stm32h745xx_CM7.o [3]
  .text              ro code   0x800'4c08          2     0x4  startup_stm32h745xx_CM7.o [3]
  .text              ro code   0x800'4c0c          2     0x4  startup_stm32h745xx_CM7.o [3]
  .text              ro code   0x800'4c10          2     0x4  startup_stm32h745xx_CM7.o [3]
  .text              ro code   0x800'4c14          2     0x4  startup_stm32h745xx_CM7.o [3]
  .text              ro code   0x800'4c18          2     0x4  startup_stm32h745xx_CM7.o [3]
  .text              ro code   0x800'4c1c          2     0x4  startup_stm32h745xx_CM7.o [3]
  .text              ro code   0x800'4c20          2     0x4  startup_stm32h745xx_CM7.o [3]
  .text              ro code   0x800'4c24          2     0x4  startup_stm32h745xx_CM7.o [3]
  .text              ro code   0x800'4c28          2     0x4  startup_stm32h745xx_CM7.o [3]
  .text              ro code   0x800'4c2c          2     0x4  startup_stm32h745xx_CM7.o [3]
  .text              ro code   0x800'4c30          2     0x4  startup_stm32h745xx_CM7.o [3]
  .text              ro code   0x800'4c34          2     0x4  startup_stm32h745xx_CM7.o [3]
  .text              ro code   0x800'4c38          2     0x4  startup_stm32h745xx_CM7.o [3]
  .text              ro code   0x800'4c3c          2     0x4  startup_stm32h745xx_CM7.o [3]
  .text              ro code   0x800'4c40          2     0x4  startup_stm32h745xx_CM7.o [3]
  .text              ro code   0x800'4c44          2     0x4  startup_stm32h745xx_CM7.o [3]
  .text              ro code   0x800'4c48          2     0x4  startup_stm32h745xx_CM7.o [3]
  .text              ro code   0x800'4c4c          2     0x4  startup_stm32h745xx_CM7.o [3]
  .text              ro code   0x800'4c50          2     0x4  startup_stm32h745xx_CM7.o [3]
  .text              ro code   0x800'4c54          2     0x4  startup_stm32h745xx_CM7.o [3]
  .text              ro code   0x800'4c58          2     0x4  startup_stm32h745xx_CM7.o [3]
  .text              ro code   0x800'4c5c          2     0x4  startup_stm32h745xx_CM7.o [3]
  .text              ro code   0x800'4c60          2     0x4  startup_stm32h745xx_CM7.o [3]
  .text              ro code   0x800'4c64          2     0x4  startup_stm32h745xx_CM7.o [3]
  .text              ro code   0x800'4c68          2     0x4  startup_stm32h745xx_CM7.o [3]
  .text              ro code   0x800'4c6c          2     0x4  startup_stm32h745xx_CM7.o [3]
  .text              ro code   0x800'4c70          2     0x4  startup_stm32h745xx_CM7.o [3]
  .text              ro code   0x800'4c74          2     0x4  startup_stm32h745xx_CM7.o [3]
  .text              ro code   0x800'4c78          2     0x4  startup_stm32h745xx_CM7.o [3]
  .text              ro code   0x800'4c7c          2     0x4  startup_stm32h745xx_CM7.o [3]
  .text              ro code   0x800'4c80          2     0x4  startup_stm32h745xx_CM7.o [3]
  .text              ro code   0x800'4c84          2     0x4  startup_stm32h745xx_CM7.o [3]
  .text              ro code   0x800'4c88          2     0x4  startup_stm32h745xx_CM7.o [3]
  .text              ro code   0x800'4c8c          2     0x4  startup_stm32h745xx_CM7.o [3]
  .text              ro code   0x800'4c90          2     0x4  startup_stm32h745xx_CM7.o [3]
  .text              ro code   0x800'4c94          2     0x4  startup_stm32h745xx_CM7.o [3]
  .text              ro code   0x800'4c98          2     0x4  startup_stm32h745xx_CM7.o [3]
  .text              ro code   0x800'4c9c          2     0x4  startup_stm32h745xx_CM7.o [3]
  .text              ro code   0x800'4ca0          2     0x4  startup_stm32h745xx_CM7.o [3]
  .text              ro code   0x800'4ca4          2     0x4  startup_stm32h745xx_CM7.o [3]
  .text              ro code   0x800'4ca8          2     0x4  startup_stm32h745xx_CM7.o [3]
  .text              ro code   0x800'4cac          2     0x4  startup_stm32h745xx_CM7.o [3]
  .text              ro code   0x800'4cb0          2     0x4  startup_stm32h745xx_CM7.o [3]
  .text              ro code   0x800'4cb4          2     0x4  startup_stm32h745xx_CM7.o [3]
  .text              ro code   0x800'4cb8          2     0x4  startup_stm32h745xx_CM7.o [3]
  .text              ro code   0x800'4cbc          2     0x4  startup_stm32h745xx_CM7.o [3]
  .text              ro code   0x800'4cc0          2     0x4  startup_stm32h745xx_CM7.o [3]
  .text              ro code   0x800'4cc4          2     0x4  startup_stm32h745xx_CM7.o [3]
  .text              ro code   0x800'4cc8          2     0x4  startup_stm32h745xx_CM7.o [3]
  .text              ro code   0x800'4ccc          2     0x4  startup_stm32h745xx_CM7.o [3]
  .text              ro code   0x800'4cd0          2     0x4  startup_stm32h745xx_CM7.o [3]
  .text              ro code   0x800'4cd4          2     0x4  startup_stm32h745xx_CM7.o [3]
  .text              ro code   0x800'4cd8          2     0x4  startup_stm32h745xx_CM7.o [3]
  .text              ro code   0x800'4cdc          2     0x4  startup_stm32h745xx_CM7.o [3]
  .text              ro code   0x800'4ce0          2     0x4  startup_stm32h745xx_CM7.o [3]
  .text              ro code   0x800'4ce4          2     0x4  startup_stm32h745xx_CM7.o [3]
  .text              ro code   0x800'4ce8          2     0x4  startup_stm32h745xx_CM7.o [3]
  .text              ro code   0x800'4cec          2     0x4  startup_stm32h745xx_CM7.o [3]
  .text              ro code   0x800'4cf0          2     0x4  startup_stm32h745xx_CM7.o [3]
  .text              ro code   0x800'4cf4          2     0x4  startup_stm32h745xx_CM7.o [3]
  .text              ro code   0x800'4cf8          2     0x4  startup_stm32h745xx_CM7.o [3]
  .text              ro code   0x800'4cfc          2     0x4  startup_stm32h745xx_CM7.o [3]
  .text              ro code   0x800'4d00          2     0x4  startup_stm32h745xx_CM7.o [3]
  .text              ro code   0x800'4d04          2     0x4  startup_stm32h745xx_CM7.o [3]
  .text              ro code   0x800'4d08          2     0x4  startup_stm32h745xx_CM7.o [3]
  .text              ro code   0x800'4d0c          2     0x4  startup_stm32h745xx_CM7.o [3]
  .text              ro code   0x800'4d10          2     0x4  startup_stm32h745xx_CM7.o [3]
  .text              ro code   0x800'4d14          2     0x4  startup_stm32h745xx_CM7.o [3]
  .text              ro code   0x800'4d18          2     0x4  startup_stm32h745xx_CM7.o [3]
  .text              ro code   0x800'4d1c          2     0x4  startup_stm32h745xx_CM7.o [3]
  .text              ro code   0x800'4d20          2     0x4  startup_stm32h745xx_CM7.o [3]
  .text              ro code   0x800'4d24          2     0x4  startup_stm32h745xx_CM7.o [3]
  .text              ro code   0x800'4d28          2     0x4  startup_stm32h745xx_CM7.o [3]
  .text              ro code   0x800'4d2c          2     0x4  startup_stm32h745xx_CM7.o [3]
  .text              ro code   0x800'4d30          2     0x4  startup_stm32h745xx_CM7.o [3]
  .text              ro code   0x800'4d34          2     0x4  startup_stm32h745xx_CM7.o [3]
  .text              ro code   0x800'4d38          2     0x4  startup_stm32h745xx_CM7.o [3]
  .text              ro code   0x800'4d3c          2     0x4  startup_stm32h745xx_CM7.o [3]
  .text              ro code   0x800'4d40          2     0x4  startup_stm32h745xx_CM7.o [3]
  .text              ro code   0x800'4d44          2     0x4  startup_stm32h745xx_CM7.o [3]
  .text              ro code   0x800'4d48          2     0x4  startup_stm32h745xx_CM7.o [3]
  .text              ro code   0x800'4d4c          2     0x4  startup_stm32h745xx_CM7.o [3]
  .text              ro code   0x800'4d50          2     0x4  startup_stm32h745xx_CM7.o [3]
  .text              ro code   0x800'4d54          2     0x4  startup_stm32h745xx_CM7.o [3]
  .text              ro code   0x800'4d58          2     0x4  startup_stm32h745xx_CM7.o [3]
  .text              ro code   0x800'4d5c          2     0x4  startup_stm32h745xx_CM7.o [3]
  .text              ro code   0x800'4d60          2     0x4  startup_stm32h745xx_CM7.o [3]
  .text              ro code   0x800'4d64          2     0x4  startup_stm32h745xx_CM7.o [3]
  .text              ro code   0x800'4d68          2     0x4  startup_stm32h745xx_CM7.o [3]
  .text              ro code   0x800'4d6c          2     0x4  startup_stm32h745xx_CM7.o [3]
  .text              ro code   0x800'4d70          2     0x4  startup_stm32h745xx_CM7.o [3]
  .text              ro code   0x800'4d74          2     0x4  startup_stm32h745xx_CM7.o [3]
  .text              ro code   0x800'4d78          2     0x4  startup_stm32h745xx_CM7.o [3]
  .text              ro code   0x800'4d7c          2     0x4  startup_stm32h745xx_CM7.o [3]
  .text              ro code   0x800'4d80          2     0x4  startup_stm32h745xx_CM7.o [3]
  .text              ro code   0x800'4d84          2     0x4  startup_stm32h745xx_CM7.o [3]
  .text              ro code   0x800'4d88          2     0x4  startup_stm32h745xx_CM7.o [3]
  .text              ro code   0x800'4d8c          2     0x4  startup_stm32h745xx_CM7.o [3]
  .text              ro code   0x800'4d90          2     0x4  startup_stm32h745xx_CM7.o [3]
  .text              ro code   0x800'4d94          2     0x4  startup_stm32h745xx_CM7.o [3]
  .text              ro code   0x800'4d98          2     0x4  startup_stm32h745xx_CM7.o [3]
  .text              ro code   0x800'4d9c          2     0x4  startup_stm32h745xx_CM7.o [3]
  .text              ro code   0x800'4da0          2     0x4  startup_stm32h745xx_CM7.o [3]
  .text              ro code   0x800'4da4          2     0x4  startup_stm32h745xx_CM7.o [3]
  .text              ro code   0x800'4da8          2     0x4  startup_stm32h745xx_CM7.o [3]
  .text              ro code   0x800'4dac          2     0x4  startup_stm32h745xx_CM7.o [3]
  .text              ro code   0x800'4db0          2     0x4  startup_stm32h745xx_CM7.o [3]
  .text              ro code   0x800'4db4          2     0x4  startup_stm32h745xx_CM7.o [3]
  .text              ro code   0x800'4db8          2     0x4  startup_stm32h745xx_CM7.o [3]
  .text              ro code   0x800'4dbc          2     0x4  startup_stm32h745xx_CM7.o [3]
  .text              ro code   0x800'4dc0          2     0x4  startup_stm32h745xx_CM7.o [3]
  .text              ro code   0x800'4dc4          2     0x4  startup_stm32h745xx_CM7.o [3]
  .rodata            const     0x800'4dc8                0x0  zero_init3.o [8]
  .rodata            const     0x800'4dc8                0x0  packbits_init_single.o [8]
  Initializer bytes  const     0x800'4dc8               0x72  <for P2-1>
                             - 0x800'4e3a             0x4ba2

"P2", part 1 of 3:                                     0x390
  P2-1                        0x2000'0000              0x390  <Init block>
    .data            inited   0x2000'0000          4   0x37c  main.o [2]
    .data            inited   0x2000'037c          4     0xc  stm32h7xx_hal.o [5]
    .data            inited   0x2000'0388          4     0x8  system_stm32h7xx_dualcore_boot_cm4_cm7.o [1]
                            - 0x2000'0390              0x390

"P2", part 2 of 3:                                     0x22c
  .bss               zero     0x2000'0390          4   0x100  main.o [2]
  .bss               zero     0x2000'0490          4    0x94  main.o [2]
  .bss               zero     0x2000'0524          4    0x4c  main.o [2]
  .bss               zero     0x2000'0570          4    0x4c  main.o [2]
                            - 0x2000'05bc              0x22c

"P2", part 3 of 3:                                     0x400
  CSTACK                      0x2000'05c0          8   0x400  <Block>
    CSTACK           uninit   0x2000'05c0              0x400  <Block tail>
                            - 0x2000'09c0              0x400

Unused ranges:

         From           To      Size
         ----           --      ----
   0x800'4e3a   0x80f'ffff  0xf'b1c6
  0x2000'05bc  0x2000'05bf       0x4
  0x2000'09c0  0x2001'ffff  0x1'f640


*******************************************************************************
*** INIT TABLE
***

          Address      Size
          -------      ----
Zero (__iar_zero_init3)
    1 destination range, total size 0x22c:
          0x2000'0390  0x22c

Copy/packbits (__iar_packbits_init_single3)
    1 source range, total size 0x72 (12% of destination):
           0x800'4dc8   0x72
    1 destination range, total size 0x390:
          0x2000'0000  0x390



*******************************************************************************
*** MODULE SUMMARY
***

    Module                                    ro code  ro data  rw data
    ------                                    -------  -------  -------
command line/config:
    -------------------------------------------------------------------
    Total:

C:\Users\Aleksey\Documents\STM\KMSH\test1\EWARM\test1_CM7\Obj\CMSIS_6603591812247902717.dir: [1]
    system_stm32h7xx_dualcore_boot_cm4_cm7.o      288        1        8
    -------------------------------------------------------------------
    Total:                                        288        1        8

C:\Users\Aleksey\Documents\STM\KMSH\test1\EWARM\test1_CM7\Obj\Core_17629195936475437497.dir: [2]
    main.o                                      1'936      111    1'448
    stm32h7xx_hal_msp.o                           288
    stm32h7xx_it.o                                 52
    -------------------------------------------------------------------
    Total:                                      2'276      111    1'448

C:\Users\Aleksey\Documents\STM\KMSH\test1\EWARM\test1_CM7\Obj\EWARM_18443280873093131863.dir: [3]
    startup_stm32h745xx_CM7.o                   1'252
    -------------------------------------------------------------------
    Total:                                      1'252

C:\Users\Aleksey\Documents\STM\KMSH\test1\EWARM\test1_CM7\Obj\ModbusRTU_my_15600270411902861217.dir: [4]
    Modbus_RTU_my.o                             1'294
    -------------------------------------------------------------------
    Total:                                      1'294

C:\Users\Aleksey\Documents\STM\KMSH\test1\EWARM\test1_CM7\Obj\STM32H7xx_HAL_Driver_12323373487323971647.dir: [5]
    stm32h7xx_hal.o                               200        2       12
    stm32h7xx_hal_cortex.o                        316
    stm32h7xx_hal_dma.o                         1'624
    stm32h7xx_hal_gpio.o                          536
    stm32h7xx_hal_hsem.o                           44
    stm32h7xx_hal_pwr_ex.o                        120
    stm32h7xx_hal_rcc.o                         2'232
    stm32h7xx_hal_rcc_ex.o                      2'992
    stm32h7xx_hal_tim.o                         1'254
    stm32h7xx_hal_tim_ex.o                        166
    stm32h7xx_hal_uart.o                        4'360
    stm32h7xx_hal_uart_ex.o                       250
    -------------------------------------------------------------------
    Total:                                     14'094        2       12

dl7M_tln.a: [6]
    exit.o                                          4
    low_level_init.o                                4
    -------------------------------------------------------------------
    Total:                                          8

m7M_tlv.a: [7]
    fpinit_M.o                                     34
    -------------------------------------------------------------------
    Total:                                         34

rt7M_tl.a: [8]
    ABImemclr4.o                                    6
    ABImemcpy_small.o                              24
    ABImemset48.o                                  50
    ABImemset_small.o                              18
    I64DivMod_small.o                             262
    I64DivZer.o                                     2
    cexit.o                                         4
    cexit_2.o                                      10
    cmain.o                                        34
    cstartup_M.o                                   30
    data_init.o                                    40
    packbits_init_single.o                         58
    zero_init3.o                                   56
    -------------------------------------------------------------------
    Total:                                        594

shb_l.a: [9]
    exit.o                                         20
    -------------------------------------------------------------------
    Total:                                         20

    Gaps                                           20
    Linker created                                          32    1'024
-----------------------------------------------------------------------
    Grand Total:                               19'880      146    2'492


*******************************************************************************
*** ENTRY LIST
***

Entry                       Address   Size  Type      Object
-----                       -------   ----  ----      ------
.iar.init_table$$Base    0x800'4b3c          --   Gb  - Linker created -
.iar.init_table$$Limit   0x800'4b5c          --   Gb  - Linker created -
?main                    0x800'4aed         Code  Gb  cmain.o [8]
ADC3_IRQHandler          0x800'4d71         Code  Wk  startup_stm32h745xx_CM7.o [3]
ADC_IRQHandler           0x800'4bdd         Code  Wk  startup_stm32h745xx_CM7.o [3]
BDMA_Channel0_IRQHandler
                         0x800'4d79         Code  Wk  startup_stm32h745xx_CM7.o [3]
BDMA_Channel1_IRQHandler
                         0x800'4d7d         Code  Wk  startup_stm32h745xx_CM7.o [3]
BDMA_Channel2_IRQHandler
                         0x800'4d81         Code  Wk  startup_stm32h745xx_CM7.o [3]
BDMA_Channel3_IRQHandler
                         0x800'4d85         Code  Wk  startup_stm32h745xx_CM7.o [3]
BDMA_Channel4_IRQHandler
                         0x800'4d89         Code  Wk  startup_stm32h745xx_CM7.o [3]
BDMA_Channel5_IRQHandler
                         0x800'4d8d         Code  Wk  startup_stm32h745xx_CM7.o [3]
BDMA_Channel6_IRQHandler
                         0x800'4d91         Code  Wk  startup_stm32h745xx_CM7.o [3]
BDMA_Channel7_IRQHandler
                         0x800'4d95         Code  Wk  startup_stm32h745xx_CM7.o [3]
BusFault_Handler         0x800'4a63    0x2  Code  Gb  stm32h7xx_it.o [2]
CEC_IRQHandler           0x800'4cf1         Code  Wk  startup_stm32h745xx_CM7.o [3]
CM4_SEV_IRQHandler       0x800'4c89         Code  Wk  startup_stm32h745xx_CM7.o [3]
CM7_SEV_IRQHandler       0x800'4c85         Code  Wk  startup_stm32h745xx_CM7.o [3]
COMP1_IRQHandler         0x800'4d99         Code  Wk  startup_stm32h745xx_CM7.o [3]
CRS_IRQHandler           0x800'4db5         Code  Wk  startup_stm32h745xx_CM7.o [3]
CSTACK$$Base            0x2000'05c0          --   Gb  - Linker created -
CSTACK$$Limit           0x2000'09c0          --   Gb  - Linker created -
D1CorePrescTable         0x800'4a14   0x10  Data  Gb  system_stm32h7xx_dualcore_boot_cm4_cm7.o [1]
DCMI_IRQHandler          0x800'4cb5         Code  Wk  startup_stm32h745xx_CM7.o [3]
DFSDM1_FLT0_IRQHandler   0x800'4d31         Code  Wk  startup_stm32h745xx_CM7.o [3]
DFSDM1_FLT1_IRQHandler   0x800'4d35         Code  Wk  startup_stm32h745xx_CM7.o [3]
DFSDM1_FLT2_IRQHandler   0x800'4d39         Code  Wk  startup_stm32h745xx_CM7.o [3]
DFSDM1_FLT3_IRQHandler   0x800'4d3d         Code  Wk  startup_stm32h745xx_CM7.o [3]
DMA1_Stream0_IRQHandler
                         0x800'4bc1         Code  Wk  startup_stm32h745xx_CM7.o [3]
DMA1_Stream1_IRQHandler
                         0x800'4bc5         Code  Wk  startup_stm32h745xx_CM7.o [3]
DMA1_Stream2_IRQHandler
                         0x800'4bc9         Code  Wk  startup_stm32h745xx_CM7.o [3]
DMA1_Stream3_IRQHandler
                         0x800'4bcd         Code  Wk  startup_stm32h745xx_CM7.o [3]
DMA1_Stream4_IRQHandler
                         0x800'4bd1         Code  Wk  startup_stm32h745xx_CM7.o [3]
DMA1_Stream5_IRQHandler
                         0x800'4bd5         Code  Wk  startup_stm32h745xx_CM7.o [3]
DMA1_Stream6_IRQHandler
                         0x800'4bd9         Code  Wk  startup_stm32h745xx_CM7.o [3]
DMA1_Stream7_IRQHandler
                         0x800'4c41         Code  Wk  startup_stm32h745xx_CM7.o [3]
DMA2D_IRQHandler         0x800'4ce1         Code  Wk  startup_stm32h745xx_CM7.o [3]
DMA2_Stream0_IRQHandler
                         0x800'4c65         Code  Wk  startup_stm32h745xx_CM7.o [3]
DMA2_Stream1_IRQHandler
                         0x800'4c69         Code  Wk  startup_stm32h745xx_CM7.o [3]
DMA2_Stream2_IRQHandler
                         0x800'4c6d         Code  Wk  startup_stm32h745xx_CM7.o [3]
DMA2_Stream3_IRQHandler
                         0x800'4c71         Code  Wk  startup_stm32h745xx_CM7.o [3]
DMA2_Stream4_IRQHandler
                         0x800'4c75         Code  Wk  startup_stm32h745xx_CM7.o [3]
DMA2_Stream5_IRQHandler
                         0x800'4c8d         Code  Wk  startup_stm32h745xx_CM7.o [3]
DMA2_Stream6_IRQHandler
                         0x800'4c91         Code  Wk  startup_stm32h745xx_CM7.o [3]
DMA2_Stream7_IRQHandler
                         0x800'4c95         Code  Wk  startup_stm32h745xx_CM7.o [3]
DMAMUX1_OVR_IRQHandler   0x800'4d11         Code  Wk  startup_stm32h745xx_CM7.o [3]
DMAMUX2_OVR_IRQHandler   0x800'4d75         Code  Wk  startup_stm32h745xx_CM7.o [3]
DebugMon_Handler         0x800'4a69    0x2  Code  Gb  stm32h7xx_it.o [2]
ECC_IRQHandler           0x800'4db9         Code  Wk  startup_stm32h745xx_CM7.o [3]
ETH_IRQHandler           0x800'4c79         Code  Wk  startup_stm32h745xx_CM7.o [3]
ETH_WKUP_IRQHandler      0x800'4c7d         Code  Wk  startup_stm32h745xx_CM7.o [3]
EXTI0_IRQHandler         0x800'4bad         Code  Wk  startup_stm32h745xx_CM7.o [3]
EXTI15_10_IRQHandler     0x800'4c29         Code  Wk  startup_stm32h745xx_CM7.o [3]
EXTI1_IRQHandler         0x800'4bb1         Code  Wk  startup_stm32h745xx_CM7.o [3]
EXTI2_IRQHandler         0x800'4bb5         Code  Wk  startup_stm32h745xx_CM7.o [3]
EXTI3_IRQHandler         0x800'4bb9         Code  Wk  startup_stm32h745xx_CM7.o [3]
EXTI4_IRQHandler         0x800'4bbd         Code  Wk  startup_stm32h745xx_CM7.o [3]
EXTI9_5_IRQHandler       0x800'4bf1         Code  Wk  startup_stm32h745xx_CM7.o [3]
Error_Handler            0x800'2259    0x4  Code  Gb  main.o [2]
ExitRun0Mode             0x800'49c9   0x14  Code  Gb  system_stm32h7xx_dualcore_boot_cm4_cm7.o [1]
FDCAN1_IT0_IRQHandler    0x800'4be1         Code  Wk  startup_stm32h745xx_CM7.o [3]
FDCAN1_IT1_IRQHandler    0x800'4be9         Code  Wk  startup_stm32h745xx_CM7.o [3]
FDCAN2_IT0_IRQHandler    0x800'4be5         Code  Wk  startup_stm32h745xx_CM7.o [3]
FDCAN2_IT1_IRQHandler    0x800'4bed         Code  Wk  startup_stm32h745xx_CM7.o [3]
FDCAN_CAL_IRQHandler     0x800'4c81         Code  Wk  startup_stm32h745xx_CM7.o [3]
FLASH_IRQHandler         0x800'4ba5         Code  Wk  startup_stm32h745xx_CM7.o [3]
FMC_IRQHandler           0x800'4c45         Code  Wk  startup_stm32h745xx_CM7.o [3]
FPU_IRQHandler           0x800'4cbd         Code  Wk  startup_stm32h745xx_CM7.o [3]
HAL_DMA_Abort            0x800'14e1  0x360  Code  Gb  stm32h7xx_hal_dma.o [5]
HAL_DMA_Abort_IT         0x800'185d  0x244  Code  Gb  stm32h7xx_hal_dma.o [5]
HAL_GPIO_Init            0x800'34a1  0x1ca  Code  Gb  stm32h7xx_hal_gpio.o [5]
HAL_GPIO_TogglePin       0x800'3673   0x10  Code  Gb  stm32h7xx_hal_gpio.o [5]
HAL_GPIO_WritePin        0x800'366b    0x8  Code  Gb  stm32h7xx_hal_gpio.o [5]
HAL_GetREVID             0x800'3c15    0x8  Code  Gb  stm32h7xx_hal.o [5]
HAL_GetTick              0x800'14bd    0xc  Code  Wk  stm32h7xx_hal.o [5]
HAL_HSEM_FastTake        0x800'3c31   0x14  Code  Gb  stm32h7xx_hal_hsem.o [5]
HAL_HSEM_Release         0x800'3c45    0xc  Code  Gb  stm32h7xx_hal_hsem.o [5]
HAL_IncTick              0x800'4a91   0x10  Code  Wk  stm32h7xx_hal.o [5]
HAL_Init                 0x800'3bc9   0x4c  Code  Gb  stm32h7xx_hal.o [5]
HAL_InitTick             0x800'4865   0x44  Code  Wk  stm32h7xx_hal.o [5]
HAL_MPU_ConfigRegion     0x800'3421   0x4a  Code  Gb  stm32h7xx_hal_cortex.o [5]
HAL_MPU_Disable          0x800'33f3   0x14  Code  Gb  stm32h7xx_hal_cortex.o [5]
HAL_MPU_Enable           0x800'3407   0x1a  Code  Gb  stm32h7xx_hal_cortex.o [5]
HAL_MspInit              0x800'139d   0x1a  Code  Gb  stm32h7xx_hal_msp.o [2]
HAL_NVIC_EnableIRQ       0x800'33b9   0x16  Code  Gb  stm32h7xx_hal_cortex.o [5]
HAL_NVIC_SetPriority     0x800'337f   0x3a  Code  Gb  stm32h7xx_hal_cortex.o [5]
HAL_NVIC_SetPriorityGrouping
                         0x800'336b   0x14  Code  Gb  stm32h7xx_hal_cortex.o [5]
HAL_PWREx_ConfigSupply   0x800'42d5   0x72  Code  Gb  stm32h7xx_hal_pwr_ex.o [5]
HAL_RCCEx_GetD3PCLK1Freq
                         0x800'2ae1    0xa  Code  Gb  stm32h7xx_hal_rcc_ex.o [5]
HAL_RCCEx_GetPLL2ClockFreq
                         0x800'2b01   0x58  Code  Gb  stm32h7xx_hal_rcc_ex.o [5]
HAL_RCCEx_GetPLL3ClockFreq
                         0x800'2b59   0x58  Code  Gb  stm32h7xx_hal_rcc_ex.o [5]
HAL_RCCEx_PeriphCLKConfig
                         0x800'22f5  0x7be  Code  Gb  stm32h7xx_hal_rcc_ex.o [5]
HAL_RCC_ClockConfig      0x800'2fad  0x1bc  Code  Gb  stm32h7xx_hal_rcc.o [5]
HAL_RCC_GetHCLKFreq      0x800'32b3   0x30  Code  Gb  stm32h7xx_hal_rcc.o [5]
HAL_RCC_GetPCLK1Freq     0x800'32e3   0x10  Code  Gb  stm32h7xx_hal_rcc.o [5]
HAL_RCC_GetPCLK2Freq     0x800'32f3    0xe  Code  Gb  stm32h7xx_hal_rcc.o [5]
HAL_RCC_GetSysClockFreq
                         0x800'31b5   0xf0  Code  Gb  stm32h7xx_hal_rcc.o [5]
HAL_RCC_OscConfig        0x800'434d  0x514  Code  Wk  stm32h7xx_hal_rcc.o [5]
HAL_SYSTICK_Config       0x800'33cf   0x24  Code  Gb  stm32h7xx_hal_cortex.o [5]
HAL_TIMEx_Break2Callback
                         0x800'48fb    0x2  Code  Wk  stm32h7xx_hal_tim_ex.o [5]
HAL_TIMEx_BreakCallback
                         0x800'48f9    0x2  Code  Wk  stm32h7xx_hal_tim_ex.o [5]
HAL_TIMEx_CommutCallback
                         0x800'48ff    0x2  Code  Wk  stm32h7xx_hal_tim_ex.o [5]
HAL_TIMEx_MasterConfigSynchronization
                         0x800'4235   0x82  Code  Gb  stm32h7xx_hal_tim_ex.o [5]
HAL_TIM_Base_Init        0x800'3d59   0x1a  Code  Gb  stm32h7xx_hal_tim.o [5]
HAL_TIM_Base_MspInit     0x800'13b7   0x5a  Code  Gb  stm32h7xx_hal_msp.o [2]
HAL_TIM_Base_Start_IT    0x800'3d73   0x86  Code  Gb  stm32h7xx_hal_tim.o [5]
HAL_TIM_ConfigClockSource
                         0x800'4001   0xce  Code  Gb  stm32h7xx_hal_tim.o [5]
HAL_TIM_IC_CaptureCallback
                         0x800'48f5    0x2  Code  Wk  stm32h7xx_hal_tim.o [5]
HAL_TIM_IRQHandler       0x800'3eb9  0x142  Code  Gb  stm32h7xx_hal_tim.o [5]
HAL_TIM_OC_DelayElapsedCallback
                         0x800'48f7    0x2  Code  Wk  stm32h7xx_hal_tim.o [5]
HAL_TIM_OnePulse_Init    0x800'3e65   0x54  Code  Gb  stm32h7xx_hal_tim.o [5]
HAL_TIM_OnePulse_MspInit
                         0x800'48f3    0x2  Code  Wk  stm32h7xx_hal_tim.o [5]
HAL_TIM_PWM_PulseFinishedCallback
                         0x800'4901    0x2  Code  Wk  stm32h7xx_hal_tim.o [5]
HAL_TIM_PeriodElapsedCallback
                         0x800'1c35  0x10a  Code  Gb  main.o [2]
HAL_TIM_TriggerCallback
                         0x800'48fd    0x2  Code  Wk  stm32h7xx_hal_tim.o [5]
HAL_UARTEx_DisableFifoMode
                         0x800'3c65   0x3a  Code  Gb  stm32h7xx_hal_uart_ex.o [5]
HAL_UARTEx_RxEventCallback
                         0x800'22b1    0x2  Code  Wk  stm32h7xx_hal_uart.o [5]
HAL_UARTEx_RxFifoFullCallback
                         0x800'22b9    0x2  Code  Wk  stm32h7xx_hal_uart_ex.o [5]
HAL_UARTEx_SetRxFifoThreshold
                         0x800'3cb5   0x14  Code  Gb  stm32h7xx_hal_uart_ex.o [5]
HAL_UARTEx_SetTxFifoThreshold
                         0x800'3c9f   0x16  Code  Gb  stm32h7xx_hal_uart_ex.o [5]
HAL_UARTEx_TxFifoEmptyCallback
                         0x800'22b7    0x2  Code  Wk  stm32h7xx_hal_uart_ex.o [5]
HAL_UARTEx_WakeupCallback
                         0x800'22b3    0x2  Code  Wk  stm32h7xx_hal_uart_ex.o [5]
HAL_UART_ErrorCallback   0x800'1b21   0x98  Code  Gb  main.o [2]
HAL_UART_IRQHandler      0x800'046d  0x354  Code  Gb  stm32h7xx_hal_uart.o [5]
HAL_UART_Init            0x800'0299   0x38  Code  Gb  stm32h7xx_hal_uart.o [5]
HAL_UART_MspInit         0x800'1411   0x8e  Code  Gb  stm32h7xx_hal_msp.o [2]
HAL_UART_Receive_IT      0x800'03bb   0x26  Code  Gb  stm32h7xx_hal_uart.o [5]
HAL_UART_RxCpltCallback
                         0x800'1bf7   0x3e  Code  Gb  main.o [2]
HAL_UART_Transmit        0x800'031b   0xa0  Code  Gb  stm32h7xx_hal_uart.o [5]
HAL_UART_TxCpltCallback
                         0x800'22b5    0x2  Code  Wk  stm32h7xx_hal_uart.o [5]
HOLD_CORE_IRQHandler     0x800'4dc1         Code  Wk  startup_stm32h745xx_CM7.o [3]
HRTIM1_FLT_IRQHandler    0x800'4d2d         Code  Wk  startup_stm32h745xx_CM7.o [3]
HRTIM1_Master_IRQHandler
                         0x800'4d15         Code  Wk  startup_stm32h745xx_CM7.o [3]
HRTIM1_TIMA_IRQHandler   0x800'4d19         Code  Wk  startup_stm32h745xx_CM7.o [3]
HRTIM1_TIMB_IRQHandler   0x800'4d1d         Code  Wk  startup_stm32h745xx_CM7.o [3]
HRTIM1_TIMC_IRQHandler   0x800'4d21         Code  Wk  startup_stm32h745xx_CM7.o [3]
HRTIM1_TIMD_IRQHandler   0x800'4d25         Code  Wk  startup_stm32h745xx_CM7.o [3]
HRTIM1_TIME_IRQHandler   0x800'4d29         Code  Wk  startup_stm32h745xx_CM7.o [3]
HSEM1_IRQHandler         0x800'4d69         Code  Wk  startup_stm32h745xx_CM7.o [3]
HSEM2_IRQHandler         0x800'4d6d         Code  Wk  startup_stm32h745xx_CM7.o [3]
HardFault_Handler        0x800'4a5f    0x2  Code  Gb  stm32h7xx_it.o [2]
I2C1_ER_IRQHandler       0x800'4c0d         Code  Wk  startup_stm32h745xx_CM7.o [3]
I2C1_EV_IRQHandler       0x800'4c09         Code  Wk  startup_stm32h745xx_CM7.o [3]
I2C2_ER_IRQHandler       0x800'4c15         Code  Wk  startup_stm32h745xx_CM7.o [3]
I2C2_EV_IRQHandler       0x800'4c11         Code  Wk  startup_stm32h745xx_CM7.o [3]
I2C3_ER_IRQHandler       0x800'4ca1         Code  Wk  startup_stm32h745xx_CM7.o [3]
I2C3_EV_IRQHandler       0x800'4c9d         Code  Wk  startup_stm32h745xx_CM7.o [3]
I2C4_ER_IRQHandler       0x800'4cf9         Code  Wk  startup_stm32h745xx_CM7.o [3]
I2C4_EV_IRQHandler       0x800'4cf5         Code  Wk  startup_stm32h745xx_CM7.o [3]
JPEG_IRQHandler          0x800'4d5d         Code  Wk  startup_stm32h745xx_CM7.o [3]
LED_PIN                 0x2000'0038   0x10  Data  Gb  main.o [2]
LED_PORT                0x2000'004c   0x20  Data  Gb  main.o [2]
LPTIM1_IRQHandler        0x800'4ced         Code  Wk  startup_stm32h745xx_CM7.o [3]
LPTIM2_IRQHandler        0x800'4d9d         Code  Wk  startup_stm32h745xx_CM7.o [3]
LPTIM3_IRQHandler        0x800'4da1         Code  Wk  startup_stm32h745xx_CM7.o [3]
LPTIM4_IRQHandler        0x800'4da5         Code  Wk  startup_stm32h745xx_CM7.o [3]
LPTIM5_IRQHandler        0x800'4da9         Code  Wk  startup_stm32h745xx_CM7.o [3]
LPUART1_IRQHandler       0x800'4dad         Code  Wk  startup_stm32h745xx_CM7.o [3]
LTDC_ER_IRQHandler       0x800'4cdd         Code  Wk  startup_stm32h745xx_CM7.o [3]
LTDC_IRQHandler          0x800'4cd9         Code  Wk  startup_stm32h745xx_CM7.o [3]
MDIOS_IRQHandler         0x800'4d59         Code  Wk  startup_stm32h745xx_CM7.o [3]
MDIOS_WKUP_IRQHandler    0x800'4d55         Code  Wk  startup_stm32h745xx_CM7.o [3]
MDMA_IRQHandler          0x800'4d61         Code  Wk  startup_stm32h745xx_CM7.o [3]
MemManage_Handler        0x800'4a61    0x2  Code  Gb  stm32h7xx_it.o [2]
Modbus_Init              0x800'21e1   0x26  Code  Gb  main.o [2]
NMI_Handler              0x800'4a5d    0x2  Code  Gb  stm32h7xx_it.o [2]
OTG_FS_EP1_IN_IRQHandler
                         0x800'4d05         Code  Wk  startup_stm32h745xx_CM7.o [3]
OTG_FS_EP1_OUT_IRQHandler
                         0x800'4d01         Code  Wk  startup_stm32h745xx_CM7.o [3]
OTG_FS_IRQHandler        0x800'4d0d         Code  Wk  startup_stm32h745xx_CM7.o [3]
OTG_FS_WKUP_IRQHandler   0x800'4d09         Code  Wk  startup_stm32h745xx_CM7.o [3]
OTG_HS_EP1_IN_IRQHandler
                         0x800'4ca9         Code  Wk  startup_stm32h745xx_CM7.o [3]
OTG_HS_EP1_OUT_IRQHandler
                         0x800'4ca5         Code  Wk  startup_stm32h745xx_CM7.o [3]
OTG_HS_IRQHandler        0x800'4cb1         Code  Wk  startup_stm32h745xx_CM7.o [3]
OTG_HS_WKUP_IRQHandler   0x800'4cad         Code  Wk  startup_stm32h745xx_CM7.o [3]
PVD_AVD_IRQHandler       0x800'4b99         Code  Wk  startup_stm32h745xx_CM7.o [3]
PendSV_Handler           0x800'4a6b    0x2  Code  Gb  stm32h7xx_it.o [2]
QUADSPI_IRQHandler       0x800'4ce9         Code  Wk  startup_stm32h745xx_CM7.o [3]
RCCEx_PLL2_Config        0x800'2ce1   0xb0  Code  Lc  stm32h7xx_hal_rcc_ex.o [5]
RCCEx_PLL3_Config        0x800'2d91   0xb0  Code  Lc  stm32h7xx_hal_rcc_ex.o [5]
RCC_IRQHandler           0x800'4ba9         Code  Wk  startup_stm32h745xx_CM7.o [3]
RNG_IRQHandler           0x800'4cb9         Code  Wk  startup_stm32h745xx_CM7.o [3]
RTC_Alarm_IRQHandler     0x800'4c2d         Code  Wk  startup_stm32h745xx_CM7.o [3]
RTC_WKUP_IRQHandler      0x800'4ba1         Code  Wk  startup_stm32h745xx_CM7.o [3]
Region$$Table$$Base      0x800'4b3c          --   Gb  - Linker created -
Region$$Table$$Limit     0x800'4b5c          --   Gb  - Linker created -
Reset_Handler            0x800'4b7d         Code  Wk  startup_stm32h745xx_CM7.o [3]
SAI1_IRQHandler          0x800'4cd5         Code  Wk  startup_stm32h745xx_CM7.o [3]
SAI2_IRQHandler          0x800'4ce5         Code  Wk  startup_stm32h745xx_CM7.o [3]
SAI3_IRQHandler          0x800'4d41         Code  Wk  startup_stm32h745xx_CM7.o [3]
SAI4_IRQHandler          0x800'4dbd         Code  Wk  startup_stm32h745xx_CM7.o [3]
SDMMC1_IRQHandler        0x800'4c49         Code  Wk  startup_stm32h745xx_CM7.o [3]
SDMMC2_IRQHandler        0x800'4d65         Code  Wk  startup_stm32h745xx_CM7.o [3]
SPDIF_RX_IRQHandler      0x800'4cfd         Code  Wk  startup_stm32h745xx_CM7.o [3]
SPI1_IRQHandler          0x800'4c19         Code  Wk  startup_stm32h745xx_CM7.o [3]
SPI2_IRQHandler          0x800'4c1d         Code  Wk  startup_stm32h745xx_CM7.o [3]
SPI3_IRQHandler          0x800'4c51         Code  Wk  startup_stm32h745xx_CM7.o [3]
SPI4_IRQHandler          0x800'4cc9         Code  Wk  startup_stm32h745xx_CM7.o [3]
SPI5_IRQHandler          0x800'4ccd         Code  Wk  startup_stm32h745xx_CM7.o [3]
SPI6_IRQHandler          0x800'4cd1         Code  Wk  startup_stm32h745xx_CM7.o [3]
SVC_Handler              0x800'4a67    0x2  Code  Gb  stm32h7xx_it.o [2]
SWPMI1_IRQHandler        0x800'4d45         Code  Wk  startup_stm32h745xx_CM7.o [3]
SysTick_Handler          0x800'4a6d    0x4  Code  Gb  stm32h7xx_it.o [2]
SystemClock_Config       0x800'2153   0x8e  Code  Gb  main.o [2]
SystemCoreClock         0x2000'0388    0x4  Data  Gb  system_stm32h7xx_dualcore_boot_cm4_cm7.o [1]
SystemD2Clock           0x2000'038c    0x4  Data  Gb  system_stm32h7xx_dualcore_boot_cm4_cm7.o [1]
SystemInit               0x800'4905   0xc4  Code  Gb  system_stm32h7xx_dualcore_boot_cm4_cm7.o [1]
TAMP_STAMP_IRQHandler    0x800'4b9d         Code  Wk  startup_stm32h745xx_CM7.o [3]
TIM15_IRQHandler         0x800'4d49         Code  Wk  startup_stm32h745xx_CM7.o [3]
TIM16_IRQHandler         0x800'4d4d         Code  Wk  startup_stm32h745xx_CM7.o [3]
TIM17_IRQHandler         0x800'4d51         Code  Wk  startup_stm32h745xx_CM7.o [3]
TIM1_BRK_IRQHandler      0x800'4bf5         Code  Wk  startup_stm32h745xx_CM7.o [3]
TIM1_CC_IRQHandler       0x800'4bfd         Code  Wk  startup_stm32h745xx_CM7.o [3]
TIM1_TRG_COM_IRQHandler
                         0x800'4bf9         Code  Wk  startup_stm32h745xx_CM7.o [3]
TIM1_UP_IRQHandler       0x800'4a71    0x6  Code  Gb  stm32h7xx_it.o [2]
TIM2_IRQHandler          0x800'4c01         Code  Wk  startup_stm32h745xx_CM7.o [3]
TIM3_IRQHandler          0x800'4a77    0x6  Code  Gb  stm32h7xx_it.o [2]
TIM4_IRQHandler          0x800'4c05         Code  Wk  startup_stm32h745xx_CM7.o [3]
TIM5_IRQHandler          0x800'4c4d         Code  Wk  startup_stm32h745xx_CM7.o [3]
TIM6_DAC_IRQHandler      0x800'4c5d         Code  Wk  startup_stm32h745xx_CM7.o [3]
TIM7_IRQHandler          0x800'4c61         Code  Wk  startup_stm32h745xx_CM7.o [3]
TIM8_BRK_TIM12_IRQHandler
                         0x800'4c31         Code  Wk  startup_stm32h745xx_CM7.o [3]
TIM8_CC_IRQHandler       0x800'4c3d         Code  Wk  startup_stm32h745xx_CM7.o [3]
TIM8_TRG_COM_TIM14_IRQHandler
                         0x800'4c39         Code  Wk  startup_stm32h745xx_CM7.o [3]
TIM8_UP_TIM13_IRQHandler
                         0x800'4c35         Code  Wk  startup_stm32h745xx_CM7.o [3]
TIM_Base_SetConfig       0x800'40e3   0xb0  Code  Gb  stm32h7xx_hal_tim.o [5]
TIM_ETR_SetConfig        0x800'4221   0x14  Code  Gb  stm32h7xx_hal_tim.o [5]
TIM_ITRx_SetConfig       0x800'41db   0x10  Code  Lc  stm32h7xx_hal_tim.o [5]
TIM_TI1_ConfigInputStage
                         0x800'4193   0x1e  Code  Lc  stm32h7xx_hal_tim.o [5]
TIM_TI2_ConfigInputStage
                         0x800'41b7   0x24  Code  Lc  stm32h7xx_hal_tim.o [5]
UART4_IRQHandler         0x800'4c55         Code  Wk  startup_stm32h745xx_CM7.o [3]
UART5_IRQHandler         0x800'4c59         Code  Wk  startup_stm32h745xx_CM7.o [3]
UART7_IRQHandler         0x800'4cc1         Code  Wk  startup_stm32h745xx_CM7.o [3]
UART8_IRQHandler         0x800'4cc5         Code  Wk  startup_stm32h745xx_CM7.o [3]
UARTEx_SetNbDataToProcess
                         0x800'3d09   0x3e  Code  Lc  stm32h7xx_hal_uart_ex.o [5]
UARTEx_SetNbDataToProcess::denominator
                         0x800'3d50    0x8  Data  Lc  stm32h7xx_hal_uart_ex.o [5]
UARTEx_SetNbDataToProcess::numerator
                         0x800'3d48    0x8  Data  Lc  stm32h7xx_hal_uart_ex.o [5]
UARTPrescTable           0x800'0bd4   0x18  Data  Gb  stm32h7xx_hal_uart.o [5]
UART_AdvFeatureConfig    0x800'0c05   0xc8  Code  Gb  stm32h7xx_hal_uart.o [5]
UART_CheckIdleState      0x800'0ccd   0x94  Code  Gb  stm32h7xx_hal_uart.o [5]
UART_DMAAbortOnError     0x800'0fcd    0xc  Code  Lc  stm32h7xx_hal_uart.o [5]
UART_EndRxTransfer       0x800'0f35   0x34  Code  Lc  stm32h7xx_hal_uart.o [5]
UART_RxISR_16BIT         0x800'1049   0x52  Code  Lc  stm32h7xx_hal_uart.o [5]
UART_RxISR_16BIT_FIFOEN
                         0x800'11f1   0x9e  Code  Lc  stm32h7xx_hal_uart.o [5]
UART_RxISR_8BIT          0x800'0fd9   0x52  Code  Lc  stm32h7xx_hal_uart.o [5]
UART_RxISR_8BIT_FIFOEN   0x800'1139   0x9e  Code  Lc  stm32h7xx_hal_uart.o [5]
UART_SetConfig           0x800'07ed  0x39e  Code  Gb  stm32h7xx_hal_uart.o [5]
UART_Start_Receive_IT    0x800'0e23  0x108  Code  Gb  stm32h7xx_hal_uart.o [5]
UART_WaitOnFlagUntilTimeout
                         0x800'0d91   0x92  Code  Gb  stm32h7xx_hal_uart.o [5]
USART1_IRQHandler        0x800'4a7d    0x6  Code  Gb  stm32h7xx_it.o [2]
USART2_IRQHandler        0x800'4c21         Code  Wk  startup_stm32h745xx_CM7.o [3]
USART3_IRQHandler        0x800'4c25         Code  Wk  startup_stm32h745xx_CM7.o [3]
USART6_IRQHandler        0x800'4c99         Code  Wk  startup_stm32h745xx_CM7.o [3]
UartTimer_Prolong        0x800'1bcb   0x2c  Code  Gb  main.o [2]
UsageFault_Handler       0x800'4a65    0x2  Code  Gb  stm32h7xx_it.o [2]
WAKEUP_PIN_IRQHandler    0x800'4dc5         Code  Wk  startup_stm32h745xx_CM7.o [3]
WWDG_IRQHandler          0x800'4b95         Code  Wk  startup_stm32h745xx_CM7.o [3]
WWDG_RST_IRQHandler      0x800'4db1         Code  Wk  startup_stm32h745xx_CM7.o [3]
__NVIC_SetPriority       0x800'3351   0x1a  Code  Lc  stm32h7xx_hal_cortex.o [5]
__aeabi_ldiv0            0x800'4861         Code  Gb  I64DivZer.o [8]
__aeabi_memclr4          0x800'3c5d         Code  Gb  ABImemclr4.o [8]
__cmain                  0x800'4aed         Code  Gb  cmain.o [8]
__exit                   0x800'4b29   0x14  Code  Gb  exit.o [9]
__iar_Memset4_word       0x800'48c1         Code  Gb  ABImemset48.o [8]
__iar_Memset8_word       0x800'48c1         Code  Gb  ABImemset48.o [8]
__iar_data_init3         0x800'4aa1   0x28  Code  Gb  data_init.o [8]
__iar_init_vfp           0x800'4ac9         Code  Gb  fpinit_M.o [7]
__iar_packbits_init_single3
                         0x800'22bb   0x3a  Code  Gb  packbits_init_single.o [8]
__iar_program_start      0x800'4b5d         Code  Gb  cstartup_M.o [8]
__iar_small_Memcpy       0x800'48ad         Code  Gb  ABImemcpy_small.o [8]
__iar_small_Memset       0x800'348d         Code  Gb  ABImemset_small.o [8]
__iar_small_Memset_word
                         0x800'348d         Code  Gb  ABImemset_small.o [8]
__iar_small_memcpy       0x800'48a9         Code  Gb  ABImemcpy_small.o [8]
__iar_small_memcpy4      0x800'48a9         Code  Gb  ABImemcpy_small.o [8]
__iar_small_memcpy8      0x800'48a9         Code  Gb  ABImemcpy_small.o [8]
__iar_small_memset       0x800'348d         Code  Gb  ABImemset_small.o [8]
__iar_small_uldivmod     0x800'2ea5         Code  Gb  I64DivMod_small.o [8]
__iar_zero_init3         0x800'4a25   0x38  Code  Gb  zero_init3.o [8]
__low_level_init         0x800'4b0f    0x4  Code  Gb  low_level_init.o [6]
__vector_table           0x800'0000         Data  Gb  startup_stm32h745xx_CM7.o [3]
_call_main               0x800'4af9         Code  Gb  cmain.o [8]
_exit                    0x800'4b19         Code  Gb  cexit.o [8]
_exit_2                  0x800'4b1d         Code  Gb  cexit_2.o [8]
blink_counter           0x2000'0048    0x4  Data  Gb  main.o [2]
blinking                0x2000'000c    0x8  Data  Gb  main.o [2]
brightness              0x2000'0018   0x10  Data  Gb  main.o [2]
enabled_leds            0x2000'0004    0x8  Data  Gb  main.o [2]
eval_CRC16               0x800'3727   0x30  Code  Gb  Modbus_RTU_my.o [4]
exit                     0x800'4b13    0x4  Code  Gb  exit.o [6]
functions_0x01_0x02      0x800'3757   0xca  Code  Gb  Modbus_RTU_my.o [4]
functions_0x03_0x04      0x800'3837   0x8e  Code  Gb  Modbus_RTU_my.o [4]
get_Output               0x800'3bbd    0xa  Code  Gb  Modbus_RTU_my.o [4]
hmodbus1                0x2000'006c  0x310  Data  Gb  main.o [2]
htim1                   0x2000'0524   0x4c  Data  Gb  main.o [2]
htim3                   0x2000'0570   0x4c  Data  Gb  main.o [2]
huart1                  0x2000'0490   0x94  Data  Gb  main.o [2]
init_ModbusRTU_Handle    0x800'36b9    0xa  Code  Gb  Modbus_RTU_my.o [4]
intervals               0x2000'0028   0x10  Data  Gb  main.o [2]
load_uart_message        0x800'36cf   0x1a  Code  Gb  Modbus_RTU_my.o [4]
main                     0x800'1e1d  0x2e0  Code  Gb  main.o [2]
parse_from_uart_message
                         0x800'36e9   0x3e  Code  Gb  Modbus_RTU_my.o [4]
process_Function_0x01    0x800'3821    0x6  Code  Gb  Modbus_RTU_my.o [4]
process_Function_0x02    0x800'3827    0x4  Code  Gb  Modbus_RTU_my.o [4]
process_Function_0x03    0x800'38c5    0x6  Code  Gb  Modbus_RTU_my.o [4]
process_Function_0x04    0x800'38cb    0x4  Code  Gb  Modbus_RTU_my.o [4]
process_Function_0x05    0x800'38db   0x18  Code  Gb  Modbus_RTU_my.o [4]
process_Function_0x06    0x800'38f3   0x18  Code  Gb  Modbus_RTU_my.o [4]
process_Function_0x0F    0x800'395d   0xc6  Code  Gb  Modbus_RTU_my.o [4]
process_Function_0x10    0x800'3a23   0x8e  Code  Gb  Modbus_RTU_my.o [4]
process_Request          0x800'3ab1  0x104  Code  Gb  Modbus_RTU_my.o [4]
pwm_counter             0x2000'0001    0x1  Data  Gb  main.o [2]
registers_Mapping_Read   0x800'1d49   0x6a  Code  Gb  main.o [2]
registers_Mapping_Write
                         0x800'1db3   0x6a  Code  Gb  main.o [2]
rx_temp                 0x2000'0000    0x1  Data  Gb  main.o [2]
set_Read_Handler         0x800'36c3    0x6  Code  Gb  Modbus_RTU_my.o [4]
set_Write_Handler        0x800'36c9    0x6  Code  Gb  Modbus_RTU_my.o [4]
uart_buffer             0x2000'0390  0x100  Data  Gb  main.o [2]
uart_index              0x2000'0014    0x2  Data  Gb  main.o [2]
uwTick                  0x2000'0380    0x4  Data  Gb  stm32h7xx_hal.o [5]
uwTickFreq              0x2000'037c    0x1  Data  Gb  stm32h7xx_hal.o [5]
uwTickPrio              0x2000'0384    0x4  Data  Gb  stm32h7xx_hal.o [5]


[1] = C:\Users\Aleksey\Documents\STM\KMSH\test1\EWARM\test1_CM7\Obj\CMSIS_6603591812247902717.dir
[2] = C:\Users\Aleksey\Documents\STM\KMSH\test1\EWARM\test1_CM7\Obj\Core_17629195936475437497.dir
[3] = C:\Users\Aleksey\Documents\STM\KMSH\test1\EWARM\test1_CM7\Obj\EWARM_18443280873093131863.dir
[4] = C:\Users\Aleksey\Documents\STM\KMSH\test1\EWARM\test1_CM7\Obj\ModbusRTU_my_15600270411902861217.dir
[5] = C:\Users\Aleksey\Documents\STM\KMSH\test1\EWARM\test1_CM7\Obj\STM32H7xx_HAL_Driver_12323373487323971647.dir
[6] = dl7M_tln.a
[7] = m7M_tlv.a
[8] = rt7M_tl.a
[9] = shb_l.a

  19'880 bytes of readonly  code memory
     146 bytes of readonly  data memory
   2'492 bytes of readwrite data memory

Errors: none
Warnings: none
